// Jest Snapshot v1, https://goo.gl/fbAQLP

exports[`Button Component snapshop 1`] = `
<button
  className="sc-d313a61b-0 AjtaS"
/>
`;
